
EliteBook@EliteBook MINGW64 ~ (master)
$

EliteBook@EliteBook MINGW64 ~ (master)
$ cd desktop

EliteBook@EliteBook MINGW64 ~/desktop (master)
$ cd myproject

EliteBook@EliteBook MINGW64 ~/desktop/myproject (master)
$ touch index.html

EliteBook@EliteBook MINGW64 ~/desktop/myproject (master)
$ touch app.js

EliteBook@EliteBook MINGW64 ~/desktop/myproject (master)
$ git init
Initialized empty Git repository in C:/Users/EliteBook/Desktop/myproject/.git/

EliteBook@EliteBook MINGW64 ~/desktop/myproject (master)
$ git config --global user.name 'Some Name'

EliteBook@EliteBook MINGW64 ~/desktop/myproject (master)
$ git config --global user.email 'zalatnai.soma@gmail.com'

EliteBook@EliteBook MINGW64 ~/desktop/myproject (master)
$ git add index.html

EliteBook@EliteBook MINGW64 ~/desktop/myproject (master)
$ git status
On branch master

No commits yet

Changes to be committed:
  (use "git rm --cached <file>..." to unstage)

        new file:   index.html

Untracked files:
  (use "git add <file>..." to include in what will be committed)

        app.js


EliteBook@EliteBook MINGW64 ~/desktop/myproject (master)
$ git rm --cached index.html
rm 'index.html'

EliteBook@EliteBook MINGW64 ~/desktop/myproject (master)
$ git status
On branch master

No commits yet

Untracked files:
  (use "git add <file>..." to include in what will be committed)

        app.js
        index.html

nothing added to commit but untracked files present (use "git add" to track)

EliteBook@EliteBook MINGW64 ~/desktop/myproject (master)
$ git add *.html

EliteBook@EliteBook MINGW64 ~/desktop/myproject (master)
$ git status
On branch master

No commits yet

Changes to be committed:
  (use "git rm --cached <file>..." to unstage)

        new file:   index.html

Untracked files:
  (use "git add <file>..." to include in what will be committed)

        app.js


EliteBook@EliteBook MINGW64 ~/desktop/myproject (master)
$ git rm --cached index.html
rm 'index.html'

EliteBook@EliteBook MINGW64 ~/desktop/myproject (master)
$ git add .

EliteBook@EliteBook MINGW64 ~/desktop/myproject (master)
$ git status
On branch master

No commits yet

Changes to be committed:
  (use "git rm --cached <file>..." to unstage)

        new file:   app.js
        new file:   index.html


EliteBook@EliteBook MINGW64 ~/desktop/myproject (master)
$ git status
On branch master

No commits yet

Changes to be committed:
  (use "git rm --cached <file>..." to unstage)

        new file:   app.js
        new file:   index.html

Changes not staged for commit:
  (use "git add <file>..." to update what will be committed)
  (use "git checkout -- <file>..." to discard changes in working directory)

        modified:   index.html


EliteBook@EliteBook MINGW64 ~/desktop/myproject (master)
$ git add .

EliteBook@EliteBook MINGW64 ~/desktop/myproject (master)
$ git status
On branch master

No commits yet

Changes to be committed:
  (use "git rm --cached <file>..." to unstage)

        new file:   app.js
        new file:   index.html


EliteBook@EliteBook MINGW64 ~/desktop/myproject (master)
$ git commit
[master (root-commit) a2057aa]  Initial commit
 2 files changed, 8 insertions(+)
 create mode 100644 app.js
 create mode 100644 index.html

EliteBook@EliteBook MINGW64 ~/desktop/myproject (master)
$ git status
On branch master
nothing to commit, working tree clean

EliteBook@EliteBook MINGW64 ~/desktop/myproject (master)
$ git status
On branch master
Changes not staged for commit:
  (use "git add <file>..." to update what will be committed)
  (use "git checkout -- <file>..." to discard changes in working directory)

        modified:   app.js

no changes added to commit (use "git add" and/or "git commit -a")

EliteBook@EliteBook MINGW64 ~/desktop/myproject (master)
$ git add .

EliteBook@EliteBook MINGW64 ~/desktop/myproject (master)
$ git commit -m 'changed app.js'
[master f2eb2f3] changed app.js
 1 file changed, 1 insertion(+)

EliteBook@EliteBook MINGW64 ~/desktop/myproject (master)
$
